#./src/main/resources/Entities.map
#Tue May 22 12:13:17 GMT+01:00 2018
comment6=1180
comment5=1179
comment4=1178
comment3=1177
userAccountRecycler5=1107
comment2=1176
userAccountRecycler4=1106
comment1=1175
userAccountRecycler3=1105
message1=1361
userAccountRecycler2=1104
userAccountRecycler1=1103
admin=1118
NotificationBoxManager5=1292
NotificationBoxManager4=1287
NotificationBoxManager3=1282
NotificationBoxManager2=1277
NotificationBoxManager1=1272
configurationSystem=1188
manager5=1133
SpamBoxAdmin=1349
manager4=1132
manager3=1131
manager2=1130
manager1=1129
editor5=1123
editor4=1122
editor3=1121
editor2=1120
editor1=1119
incidence5=1158
incidence4=1157
incidence3=1156
InBoxEditor5=1315
incidence2=1155
InBoxEditor4=1310
opinion5=1203
incidence1=1154
InBoxEditor3=1305
opinion4=1202
InBoxEditor2=1300
opinion3=1201
InBoxEditor1=1295
opinion2=1200
item6=1360
opinion1=1199
item5=1359
item4=1358
messageFolder1=1189
item3=1357
item2=1356
item1=1355
OutBoxEditor5=1316
OutBoxEditor4=1311
OutBoxEditor3=1306
NotificationBoxRecycler5=1242
OutBoxEditor2=1301
NotificationBoxRecycler4=1237
OutBoxEditor1=1296
NotificationBoxRecycler3=1232
recycler5=1138
NotificationBoxRecycler2=1227
recycler4=1137
NotificationBoxRecycler1=1222
TrashBoxEditor5=1318
recycler3=1136
TrashBoxEditor4=1313
recycler2=1135
TrashBoxEditor3=1308
recycler1=1134
TrashBoxEditor2=1303
TrashBoxEditor1=1298
userAccountCarrier5=1102
userAccountCarrier4=1101
userAccountCarrier3=1100
userAccountCarrier2=1099
userAccountCarrier1=1098
TrashBoxBuyer5=1268
TrashBoxBuyer4=1263
TrashBoxBuyer3=1258
course5=1187
TrashBoxBuyer2=1253
course4=1186
TrashBoxBuyer1=1248
course3=1185
course2=1184
course1=1183
InBoxCarrier5=1340
InBoxCarrier4=1335
InBoxCarrier3=1330
InBoxCarrier2=1325
InBoxCarrier1=1320
InBoxBuyer5=1265
InBoxBuyer4=1260
InBoxBuyer3=1255
InBoxBuyer2=1250
InBoxBuyer1=1245
SpamBoxCarrier5=1344
SpamBoxCarrier4=1339
SpamBoxCarrier3=1334
SpamBoxCarrier2=1329
SpamBoxCarrier1=1324
InBoxRecycler5=1240
InBoxRecycler4=1235
InBoxRecycler3=1230
InBoxRecycler2=1225
OutBoxManager5=1291
InBoxRecycler1=1220
OutBoxManager4=1286
OutBoxManager3=1281
OutBoxManager2=1276
labelProduct11=1174
OutBoxManager1=1271
labelProduct10=1173
labelMaterial5=1163
NotificationBoxEditor5=1317
labelMaterial4=1162
NotificationBoxEditor4=1312
labelMaterial3=1161
NotificationBoxEditor3=1307
labelMaterial2=1160
NotificationBoxEditor2=1302
labelMaterial1=1159
SpamBoxEditor5=1319
NotificationBoxEditor1=1297
SpamBoxEditor4=1314
SpamBoxEditor3=1309
SpamBoxEditor2=1304
SpamBoxEditor1=1299
material5=1198
material4=1197
material3=1196
material2=1195
InBoxAdmin=1345
material1=1194
labelProduct9=1172
labelProduct8=1171
labelProduct7=1170
labelProduct6=1169
labelProduct5=1168
labelProduct4=1167
labelProduct3=1166
labelProduct2=1165
labelProduct1=1164
lesson6=1219
lesson5=1218
lesson4=1217
lesson3=1216
lesson2=1215
lesson1=1214
SpamBoxRecycler5=1244
SpamBoxRecycler4=1239
cleanPoint5=1212
SpamBoxRecycler3=1234
cleanPoint4=1211
SpamBoxRecycler2=1229
cleanPoint3=1210
SpamBoxRecycler1=1224
cleanPoint2=1209
userAccountManager5=1097
cleanPoint1=1208
userAccountManager4=1096
userAccountManager3=1095
userAccountManager2=1094
OutBoxBuyer5=1266
userAccountManager1=1093
OutBoxBuyer4=1261
OutBoxBuyer3=1256
OutBoxBuyer2=1251
OutBoxBuyer1=1246
InBoxManager5=1290
InBoxManager4=1285
InBoxManager3=1280
InBoxManager2=1275
InBoxManager1=1270
userAccountBuyer5=1117
userAccountBuyer4=1116
userAccountBuyer3=1115
userAccountBuyer2=1114
userAccountBuyer1=1113
SpamBoxManager5=1294
SpamBoxManager4=1289
NotificationBoxBuyer5=1267
SpamBoxManager3=1284
NotificationBoxBuyer4=1262
finder5=1153
SpamBoxManager2=1279
NotificationBoxBuyer3=1257
finder4=1152
SpamBoxManager1=1274
NotificationBoxBuyer2=1252
finder3=1151
NotificationBoxBuyer1=1247
finder2=1150
finder1=1149
TrashBoxCarrier5=1343
OutBoxRecycler5=1241
new5=1148
TrashBoxCarrier4=1338
OutBoxRecycler4=1236
new4=1147
TrashBoxCarrier3=1333
OutBoxRecycler3=1231
new3=1146
TrashBoxCarrier2=1328
OutBoxRecycler2=1226
new2=1145
TrashBoxCarrier1=1323
OutBoxRecycler1=1221
new1=1144
SpamBoxBuyer5=1269
SpamBoxBuyer4=1264
SpamBoxBuyer3=1259
SpamBoxBuyer2=1254
SpamBoxBuyer1=1249
buyer5=1143
buyer4=1142
buyer3=1141
buyer2=1140
buyer1=1139
NotificationBoxCarrier5=1342
NotificationBoxCarrier4=1337
NotificationBoxCarrier3=1332
NotificationBoxCarrier2=1327
NotificationBoxCarrier1=1322
assesment3=1213
userAccountEditor5=1112
userAccountEditor4=1111
userAccountEditor3=1110
userAccountEditor2=1109
userAccountEditor1=1108
buy5=1354
buy4=1353
buy3=1352
buy2=1351
buy1=1350
carrier5=1128
carrier4=1127
carrier3=1126
carrier2=1125
carrier1=1124
NotificationBoxAdmin=1347
OutBoxAdmin=1346
TrashBoxRecycler5=1243
TrashBoxRecycler4=1238
TrashBoxRecycler3=1233
TrashBoxAdmin=1348
TrashBoxRecycler2=1228
TrashBoxRecycler1=1223
userAccountAdmin=1092
OutBoxCarrier5=1341
OutBoxCarrier4=1336
OutBoxCarrier3=1331
tabooWord4=1193
OutBoxCarrier2=1326
tabooWord3=1192
OutBoxCarrier1=1321
tabooWord2=1191
tabooWord1=1190
request5=1207
request4=1206
request3=1205
TrashBoxManager5=1293
request1=1204
TrashBoxManager4=1288
TrashBoxManager3=1283
TrashBoxManager2=1278
comment8=1182
TrashBoxManager1=1273
comment7=1181
