#./src/main/resources/Entities.map
#Tue May 22 12:00:19 CEST 2018
comment6=1720
comment5=1719
comment4=1718
comment3=1717
userAccountRecycler5=1647
comment2=1716
userAccountRecycler4=1646
comment1=1715
userAccountRecycler3=1645
message1=1896
userAccountRecycler2=1644
userAccountRecycler1=1643
admin=1658
NotificationBoxManager5=1827
NotificationBoxManager4=1822
NotificationBoxManager3=1817
NotificationBoxManager2=1812
NotificationBoxManager1=1807
configurationSystem=1728
manager5=1673
SpamBoxAdmin=1884
manager4=1672
manager3=1671
manager2=1670
manager1=1669
editor5=1663
editor4=1662
editor3=1661
editor2=1660
editor1=1659
incidence5=1698
incidence4=1697
incidence3=1696
InBoxEditor5=1850
incidence2=1695
opinion5=1901
InBoxEditor4=1845
incidence1=1694
opinion4=1900
InBoxEditor3=1840
opinion3=1899
InBoxEditor2=1835
opinion2=1898
InBoxEditor1=1830
opinion1=1897
item6=1895
item5=1894
item4=1893
messageFolder1=1729
item3=1892
item2=1891
item1=1890
OutBoxEditor5=1851
OutBoxEditor4=1846
OutBoxEditor3=1841
NotificationBoxRecycler5=1777
OutBoxEditor2=1836
NotificationBoxRecycler4=1772
OutBoxEditor1=1831
NotificationBoxRecycler3=1767
recycler5=1678
NotificationBoxRecycler2=1762
recycler4=1677
NotificationBoxRecycler1=1757
TrashBoxEditor5=1853
recycler3=1676
TrashBoxEditor4=1848
recycler2=1675
TrashBoxEditor3=1843
recycler1=1674
TrashBoxEditor2=1838
TrashBoxEditor1=1833
userAccountCarrier5=1642
userAccountCarrier4=1641
userAccountCarrier3=1640
userAccountCarrier2=1639
userAccountCarrier1=1638
TrashBoxBuyer5=1803
TrashBoxBuyer4=1798
TrashBoxBuyer3=1793
course5=1727
TrashBoxBuyer2=1788
course4=1726
TrashBoxBuyer1=1783
course3=1725
course2=1724
course1=1723
InBoxCarrier5=1875
InBoxCarrier4=1870
InBoxCarrier3=1865
InBoxCarrier2=1860
InBoxCarrier1=1855
InBoxBuyer5=1800
InBoxBuyer4=1795
InBoxBuyer3=1790
InBoxBuyer2=1785
InBoxBuyer1=1780
SpamBoxCarrier5=1879
SpamBoxCarrier4=1874
SpamBoxCarrier3=1869
SpamBoxCarrier2=1864
SpamBoxCarrier1=1859
InBoxRecycler5=1775
InBoxRecycler4=1770
InBoxRecycler3=1765
InBoxRecycler2=1760
OutBoxManager5=1826
InBoxRecycler1=1755
OutBoxManager4=1821
OutBoxManager3=1816
OutBoxManager2=1811
labelProduct11=1714
OutBoxManager1=1806
labelProduct10=1713
labelMaterial5=1703
NotificationBoxEditor5=1852
labelMaterial4=1702
NotificationBoxEditor4=1847
labelMaterial3=1701
NotificationBoxEditor3=1842
labelMaterial2=1700
NotificationBoxEditor2=1837
labelMaterial1=1699
SpamBoxEditor5=1854
NotificationBoxEditor1=1832
SpamBoxEditor4=1849
SpamBoxEditor3=1844
SpamBoxEditor2=1839
SpamBoxEditor1=1834
material5=1738
material4=1737
material3=1736
material2=1735
InBoxAdmin=1880
material1=1734
labelProduct9=1712
labelProduct8=1711
labelProduct7=1710
labelProduct6=1709
labelProduct5=1708
labelProduct4=1707
labelProduct3=1706
labelProduct2=1705
labelProduct1=1704
lesson6=1754
lesson5=1753
lesson4=1752
lesson3=1751
lesson2=1750
lesson1=1749
SpamBoxRecycler5=1779
SpamBoxRecycler4=1774
cleanPoint5=1747
SpamBoxRecycler3=1769
cleanPoint4=1746
SpamBoxRecycler2=1764
cleanPoint3=1745
SpamBoxRecycler1=1759
cleanPoint2=1744
userAccountManager5=1637
cleanPoint1=1743
userAccountManager4=1636
userAccountManager3=1635
userAccountManager2=1634
OutBoxBuyer5=1801
userAccountManager1=1633
OutBoxBuyer4=1796
OutBoxBuyer3=1791
OutBoxBuyer2=1786
OutBoxBuyer1=1781
InBoxManager5=1825
InBoxManager4=1820
InBoxManager3=1815
InBoxManager2=1810
InBoxManager1=1805
userAccountBuyer5=1657
userAccountBuyer4=1656
userAccountBuyer3=1655
userAccountBuyer2=1654
userAccountBuyer1=1653
SpamBoxManager5=1829
SpamBoxManager4=1824
NotificationBoxBuyer5=1802
SpamBoxManager3=1819
NotificationBoxBuyer4=1797
finder5=1693
SpamBoxManager2=1814
NotificationBoxBuyer3=1792
finder4=1692
SpamBoxManager1=1809
NotificationBoxBuyer2=1787
finder3=1691
NotificationBoxBuyer1=1782
finder2=1690
finder1=1689
TrashBoxCarrier5=1878
OutBoxRecycler5=1776
new5=1688
TrashBoxCarrier4=1873
OutBoxRecycler4=1771
new4=1687
TrashBoxCarrier3=1868
OutBoxRecycler3=1766
new3=1686
TrashBoxCarrier2=1863
OutBoxRecycler2=1761
new2=1685
TrashBoxCarrier1=1858
OutBoxRecycler1=1756
new1=1684
SpamBoxBuyer5=1804
SpamBoxBuyer4=1799
SpamBoxBuyer3=1794
SpamBoxBuyer2=1789
SpamBoxBuyer1=1784
buyer5=1683
buyer4=1682
buyer3=1681
buyer2=1680
buyer1=1679
NotificationBoxCarrier5=1877
NotificationBoxCarrier4=1872
NotificationBoxCarrier3=1867
NotificationBoxCarrier2=1862
NotificationBoxCarrier1=1857
assesment3=1748
userAccountEditor5=1652
userAccountEditor4=1651
userAccountEditor3=1650
userAccountEditor2=1649
userAccountEditor1=1648
buy5=1889
buy4=1888
buy3=1887
buy2=1886
buy1=1885
carrier5=1668
carrier4=1667
carrier3=1666
carrier2=1665
carrier1=1664
NotificationBoxAdmin=1882
OutBoxAdmin=1881
TrashBoxRecycler5=1778
TrashBoxRecycler4=1773
TrashBoxRecycler3=1768
TrashBoxAdmin=1883
TrashBoxRecycler2=1763
TrashBoxRecycler1=1758
userAccountAdmin=1632
OutBoxCarrier5=1876
OutBoxCarrier4=1871
OutBoxCarrier3=1866
tabooWord4=1733
OutBoxCarrier2=1861
tabooWord3=1732
OutBoxCarrier1=1856
tabooWord2=1731
tabooWord1=1730
request5=1742
request4=1741
request3=1740
TrashBoxManager5=1828
request1=1739
TrashBoxManager4=1823
TrashBoxManager3=1818
TrashBoxManager2=1813
comment8=1722
TrashBoxManager1=1808
comment7=1721
